 process            8 of            8 is alive, mpi_id:           7
 process            2 of            8 is alive, mpi_id:           1
 process            7 of            8 is alive, mpi_id:           6
 process            3 of            8 is alive, mpi_id:           2
 process            4 of            8 is alive, mpi_id:           3
 process            6 of            8 is alive, mpi_id:           5
 process            5 of            8 is alive, mpi_id:           4
 process            1 of            8 is alive, mpi_id:           0
 Running 'Rigid-Pay'
      teacher decision         wage decision            offer eqbm
                     1                     0                     1
  INNER LOOP            0
   objective function call:            0  best value:  0.59931541397786980     
    theta dif   0.0000000000000000     
 Matrix in linreg is numerically singular!
 due to singularity, we have NAs, replacing with -1
 this allows replication code to run on synthetic data. (see statistical_models.f90)
 due to singularity, we have NAs, replacing with -1
 this allows replication code to run on synthetic data. (see statistical_models.f90)
 due to singularity, we have NAs, replacing with -1
 this allows replication code to run on synthetic data. (see statistical_models.f90)
 due to singularity, we have NAs, replacing with -1
 this allows replication code to run on synthetic data. (see statistical_models.f90)
 due to singularity, we have NAs, replacing with -1
 this allows replication code to run on synthetic data. (see statistical_models.f90)
 due to singularity, we have NAs, replacing with -1
 this allows replication code to run on synthetic data. (see statistical_models.f90)
 due to singularity, we have NAs, replacing with -1
 this allows replication code to run on synthetic data. (see statistical_models.f90)
 due to singularity, we have NAs, replacing with -1
 this allows replication code to run on synthetic data. (see statistical_models.f90)
 due to singularity, we have NAs, replacing with -1
 this allows replication code to run on synthetic data. (see statistical_models.f90)
 due to singularity, we have NAs, replacing with -1
 this allows replication code to run on synthetic data. (see statistical_models.f90)
 due to singularity, we have NAs, replacing with -1
 this allows replication code to run on synthetic data. (see statistical_models.f90)
 due to singularity, we have NAs, replacing with -1
 this allows replication code to run on synthetic data. (see statistical_models.f90)
 due to singularity, we have NAs, replacing with -1
 this allows replication code to run on synthetic data. (see statistical_models.f90)
 due to singularity, we have NAs, replacing with -1
 this allows replication code to run on synthetic data. (see statistical_models.f90)
 not writing latest theta for replication package, see obj.f90
 --------------
 END OF PROGRAM
