---------------------------------------------------------------------------------
      name:  <unnamed>
       log:  deterministic synthetic exhibit log
  log type:  text
 opened on:  deterministic synthetic run

. esttab r2 r1, se

--------------------------------------------
                      (1)             (2)   
                    Match           Match   
--------------------------------------------
wage             0.000570**     0.0000738   
               (0.000188)     (0.0000413)   

explam              0.303         0.00112   
                  (0.206)       (0.00105)   

C0d_class        -56183.0          -400.6   
                (72129.5)         (510.8)   

D0                 0.0103        0.000936   
                 (0.0140)      (0.000982)   

D0_nont                 0               0   
                      (.)             (.)   

D0_mid1                 0        0.000732   
                      (.)      (0.000392)   

D0_mid2             0.326***     0.000476   
                 (0.0923)      (0.000385)   

D0_mid3             0.266***     0.000138   
                 (0.0672)      (0.000290)   

CZ               -0.00154        -0.00128   
                (0.00289)      (0.000720)   

urban             0.00202       -0.000296   
                (0.00449)      (0.000951)   

suburban         -0.00116        0.000122   
                (0.00256)      (0.000555)   

lndist            0.00190        0.000564*  
                (0.00102)      (0.000260)   

milw               0.0371        -0.00279*  
                 (0.0212)       (0.00115)   

_cons              -0.662        -0.00623*  
                  (0.348)       (0.00314)   
--------------------------------------------
N                   15984           70281   
--------------------------------------------
Standard errors in parentheses
* p<0.05, ** p<0.01, *** p<0.001

. log close
      name:  <unnamed>
       log:  deterministic synthetic exhibit log
  log type:  text
 closed on:  deterministic synthetic run
---------------------------------------------------------------------------------
