------------------------------------------------------------------------------------------------------------------------------------
      name:  <unnamed>
       log:  deterministic synthetic exhibit log
  log type:  text
 opened on:  deterministic synthetic run

. sum Mg*_1

    Variable |        Obs        Mean    Std. dev.       Min        Max
-------------+---------------------------------------------------------
       Mg2_1 |      2,428    .0000104           0   .0000104   .0000104
       Mg3_1 |      2,428   -.0001292           0  -.0001292  -.0001292
       Mg4_1 |      2,428   -7.23e-06           0  -7.23e-06  -7.23e-06
       Mg5_1 |      2,428   -.0000521           0  -.0000521  -.0000521
       Mg6_1 |      2,428    -.000059           0   -.000059   -.000059

. sum Mg*_2

    Variable |        Obs        Mean    Std. dev.       Min        Max
-------------+---------------------------------------------------------
       Mg2_2 |      2,428    .0000371           0   .0000371   .0000371
       Mg3_2 |      2,428     .000017           0    .000017    .000017
       Mg4_2 |      2,428    1.99e-06           0   1.99e-06   1.99e-06
       Mg5_2 |      2,428    .0000125           0   .0000125   .0000125
       Mg6_2 |      2,428    .0000197           0   .0000197   .0000197

. sum R2_m1

    Variable |        Obs        Mean    Std. dev.       Min        Max
-------------+---------------------------------------------------------
       R2_m1 |      2,428     .999894           0    .999894    .999894

. sum R2_m2

    Variable |        Obs        Mean    Std. dev.       Min        Max
-------------+---------------------------------------------------------
       R2_m2 |      2,428    .9992357           0   .9992357   .9992357

. log close
      name:  <unnamed>
       log:  deterministic synthetic exhibit log
  log type:  text
 closed on:  deterministic synthetic run
------------------------------------------------------------------------------------------------------------------------------------
