------------------------------------------------------------------------------------------------------------------------------------
      name:  <unnamed>
       log:  deterministic synthetic exhibit log
  log type:  text
 opened on:  deterministic synthetic run

. esttab r1 r2, b(4) se(4) nostar

--------------------------------------
                      (1)          (2)
                    Match        Match
--------------------------------------
wage               0.0000       0.0005
                 (0.0000)     (0.0000)

explam             0.0000      -0.0167
                 (0.0008)     (0.0172)

C0d                2.4041   -1018.5356
                (25.8735)   (227.9459)

D0                -0.0013       0.0601
                 (0.0012)     (0.0028)

D0_nont            0.0038       0.0000
                 (0.0012)          (.)

D0_mid1            0.0038       0.2949
                 (0.0012)     (0.0340)

D0_mid2           -0.0008       0.2519
                 (0.0029)     (0.0169)

D0_mid3           -0.0027       0.2169
                 (0.0025)     (0.0109)

CZ                 0.0001       0.0035
                 (0.0001)     (0.0005)

urban             -0.0000      -0.0009
                 (0.0002)     (0.0006)

suburban          -0.0000      -0.0028
                 (0.0001)     (0.0004)

lndist            -0.0000       0.0004
                 (0.0001)     (0.0002)

milw              -0.0002       0.0305
                 (0.0006)     (0.0034)

_cons              0.0038      -0.1022
                 (0.0012)     (0.0294)
--------------------------------------
N                 2712600       632987
--------------------------------------
Standard errors in parentheses

. log close
      name:  <unnamed>
       log:  deterministic synthetic exhibit log
  log type:  text
 closed on:  deterministic synthetic run
------------------------------------------------------------------------------------------------------------------------------------
