---------------------------------------------------------------------------------
      name:  table_b21b
       log:  deterministic synthetic exhibit log
  log type:  text
 opened on:  deterministic synthetic run

. 
. tempfile lambda_data

. 
. use "$sim/lambda_pre_NEW.dta", clear

. reshape long d, i(n) j(district)
(j = 7 14 63 70 84 91 105 112 119 126 140 147 154 161 170 182 196 203 217 231 238
>  245 280 287 308 315 336 350 364 413 422 427 434 441 469 476 485 490 497 602 60
> 9 616 623 637 657 658 665 700 714 721 735 777 840 870 882 896 903 910 980 994 1
> 015 1029 1071 1080 1085 1092 1120 1127 1134 1141 1155 1162 1169 1176 1183 1204 
> 1218 1232 1246 1253 1260 1295 1309 1316 1376 1380 1407 1414 1421 1428 1449 1491
>  1499 1526 1540 1554 1561 1568 1582 1600 1631 1638 1645 1659 1666 1673 1687 169
> 4 1729 1736 1813 1848 1855 1862 1870 1883 1890 1897 1900 1939 1945 1953 2009 20
> 16 2044 2051 2058 2114 2128 2135 2142 2177 2184 2198 2212 2217 2226 2233 2240 2
> 289 2296 2303 2310 2394 2415 2420 2422 2436 2443 2450 2460 2478 2485 2525 2527 
> 2534 2541 2562 2576 2583 2604 2605 2611 2618 2625 2632 2639 2646 2660 2695 2702
>  2730 2737 2744 2758 2793 2800 2814 2828 2835 2842 2849 2856 2863 2884 2885 289
> 1 2898 2912 2940 2961 3087 3094 3122 3129 3150 3171 3206 3213 3220 3269 3276 32
> 90 3297 3304 3311 3318 3325 3332 3339 3360 3367 3381 3409 3427 3428 3430 3434 3
> 437 3444 3479 3484 3500 3510 3514 3528 3542 3549 3612 3619 3633 3640 3647 3654 
> 3661 3668 3675 3682 3689 3696 3787 3794 3822 3850 3857 3862 3871 3892 3899 3906
>  3920 3925 3934 3941 3948 3955 3962 3969 3976 3983 3990 4011 4018 4025 4060 406
> 7 4074 4088 4095 4137 4144 4151 4165 4179 4186 4207 4221 4228 4235 4263 4270 43
> 05 4312 4330 4347 4368 4375 4389 4459 4473 4501 4508 4515 4522 4529 4536 4543 4
> 557 4571 4578 4606 4613 4620 4627 4634 4641 4686 4690 4753 4760 4781 4795 4802 
> 4851 4865 4872 4893 4904 4956 4963 4970 5019 5026 5054 5068 5100 5124 5130 5138
>  5258 5264 5271 5278 5306 5348 5355 5362 5369 5376 5390 5397 5432 5439 5457 546
> 0 5467 5474 5523 5586 5593 5607 5614 5621 5628 5642 5656 5663 5670 5726 5733 57
> 40 5747 5754 5757 5780 5810 5817 5824 5852 5859 5866 5901 5960 5985 5992 6013 6
> 022 6027 6069 6083 6104 6113 6118 6125 6174 6181 6195 6216 6223 6230 6237 6244 
> 6251 6293 6300 6307 6321 6328 6335 6354 6370 6384 6412 6419 6426 6440 6461 6470
>  6475 6482 6545)

Data                               Wide   ->   Long
-----------------------------------------------------------------------------
Number of observations                1   ->   411         
Number of variables                 412   ->   3           
j variable (411 values)                   ->   district
xij variables:
                       d7 d14 ... d6545   ->   d
-----------------------------------------------------------------------------

. drop n

. sort district

. save `lambda_data', replace
(file /TEMP/StTEMP not found)
file /TEMP/StTEMP saved as .dta format

. 
. * Urban districts.
. use "$sim/urban_pre_NEW.dta", clear

. reshape long urban, i(n) j(district)
(j = 7 14 63 70 84 91 105 112 119 126 140 147 154 161 170 182 196 203 217 231 238
>  245 280 287 308 315 336 350 364 413 422 427 434 441 469 476 485 490 497 602 60
> 9 616 623 637 657 658 665 700 714 721 735 777 840 870 882 896 903 910 980 994 1
> 015 1029 1071 1080 1085 1092 1120 1127 1134 1141 1155 1162 1169 1176 1183 1204 
> 1218 1232 1246 1253 1260 1295 1309 1316 1376 1380 1407 1414 1421 1428 1449 1491
>  1499 1526 1540 1554 1561 1568 1582 1600 1631 1638 1645 1659 1666 1673 1687 169
> 4 1729 1736 1813 1848 1855 1862 1870 1883 1890 1897 1900 1939 1945 1953 2009 20
> 16 2044 2051 2058 2114 2128 2135 2142 2177 2184 2198 2212 2217 2226 2233 2240 2
> 289 2296 2303 2310 2394 2415 2420 2422 2436 2443 2450 2460 2478 2485 2525 2527 
> 2534 2541 2562 2576 2583 2604 2605 2611 2618 2625 2632 2639 2646 2660 2695 2702
>  2730 2737 2744 2758 2793 2800 2814 2828 2835 2842 2849 2856 2863 2884 2885 289
> 1 2898 2912 2940 2961 3087 3094 3122 3129 3150 3171 3206 3213 3220 3269 3276 32
> 90 3297 3304 3311 3318 3325 3332 3339 3360 3367 3381 3409 3427 3428 3430 3434 3
> 437 3444 3479 3484 3500 3510 3514 3528 3542 3549 3612 3619 3633 3640 3647 3654 
> 3661 3668 3675 3682 3689 3696 3787 3794 3822 3850 3857 3862 3871 3892 3899 3906
>  3920 3925 3934 3941 3948 3955 3962 3969 3976 3983 3990 4011 4018 4025 4060 406
> 7 4074 4088 4095 4137 4144 4151 4165 4179 4186 4207 4221 4228 4235 4263 4270 43
> 05 4312 4330 4347 4368 4375 4389 4459 4473 4501 4508 4515 4522 4529 4536 4543 4
> 557 4571 4578 4606 4613 4620 4627 4634 4641 4686 4690 4753 4760 4781 4795 4802 
> 4851 4865 4872 4893 4904 4956 4963 4970 5019 5026 5054 5068 5100 5124 5130 5138
>  5258 5264 5271 5278 5306 5348 5355 5362 5369 5376 5390 5397 5432 5439 5457 546
> 0 5467 5474 5523 5586 5593 5607 5614 5621 5628 5642 5656 5663 5670 5726 5733 57
> 40 5747 5754 5757 5780 5810 5817 5824 5852 5859 5866 5901 5960 5985 5992 6013 6
> 022 6027 6069 6083 6104 6113 6118 6125 6174 6181 6195 6216 6223 6230 6237 6244 
> 6251 6293 6300 6307 6321 6328 6335 6354 6370 6384 6412 6419 6426 6440 6461 6470
>  6475 6482 6545)

Data                               Wide   ->   Long
-----------------------------------------------------------------------------
Number of observations                1   ->   411         
Number of variables                 412   ->   3           
j variable (411 values)                   ->   district
xij variables:
           urban7 urban14 ... urban6545   ->   urban
-----------------------------------------------------------------------------

. drop n

. summarize urban

    Variable |        Obs        Mean    Std. dev.       Min        Max
-------------+---------------------------------------------------------
       urban |        411    .0389294    .1936626          0          1

. merge 1:1 district using `lambda_data'

    Result                      Number of obs
    -----------------------------------------
    Not matched                             0
    Matched                               411  (_merge==3)
    -----------------------------------------

. keep if _merge != 1
(0 observations deleted)

. drop _merge

. summarize urban

    Variable |        Obs        Mean    Std. dev.       Min        Max
-------------+---------------------------------------------------------
       urban |        411    .0389294    .1936626          0          1

. quietly summarize d, detail

. summarize urban if d <= `r(p25)'

    Variable |        Obs        Mean    Std. dev.       Min        Max
-------------+---------------------------------------------------------
       urban |        400       .0375    .1902215          0          1

. quietly summarize d, detail

. summarize urban if d > `r(p75)'

    Variable |        Obs        Mean    Std. dev.       Min        Max
-------------+---------------------------------------------------------
       urban |         11    .0909091    .3015113          0          1

. 
. * Suburban districts.
. use "$sim/suburban_pre_NEW.dta", clear

. reshape long suburban, i(n) j(district)
(j = 7 14 63 70 84 91 105 112 119 126 140 147 154 161 170 182 196 203 217 231 238
>  245 280 287 308 315 336 350 364 413 422 427 434 441 469 476 485 490 497 602 60
> 9 616 623 637 657 658 665 700 714 721 735 777 840 870 882 896 903 910 980 994 1
> 015 1029 1071 1080 1085 1092 1120 1127 1134 1141 1155 1162 1169 1176 1183 1204 
> 1218 1232 1246 1253 1260 1295 1309 1316 1376 1380 1407 1414 1421 1428 1449 1491
>  1499 1526 1540 1554 1561 1568 1582 1600 1631 1638 1645 1659 1666 1673 1687 169
> 4 1729 1736 1813 1848 1855 1862 1870 1883 1890 1897 1900 1939 1945 1953 2009 20
> 16 2044 2051 2058 2114 2128 2135 2142 2177 2184 2198 2212 2217 2226 2233 2240 2
> 289 2296 2303 2310 2394 2415 2420 2422 2436 2443 2450 2460 2478 2485 2525 2527 
> 2534 2541 2562 2576 2583 2604 2605 2611 2618 2625 2632 2639 2646 2660 2695 2702
>  2730 2737 2744 2758 2793 2800 2814 2828 2835 2842 2849 2856 2863 2884 2885 289
> 1 2898 2912 2940 2961 3087 3094 3122 3129 3150 3171 3206 3213 3220 3269 3276 32
> 90 3297 3304 3311 3318 3325 3332 3339 3360 3367 3381 3409 3427 3428 3430 3434 3
> 437 3444 3479 3484 3500 3510 3514 3528 3542 3549 3612 3619 3633 3640 3647 3654 
> 3661 3668 3675 3682 3689 3696 3787 3794 3822 3850 3857 3862 3871 3892 3899 3906
>  3920 3925 3934 3941 3948 3955 3962 3969 3976 3983 3990 4011 4018 4025 4060 406
> 7 4074 4088 4095 4137 4144 4151 4165 4179 4186 4207 4221 4228 4235 4263 4270 43
> 05 4312 4330 4347 4368 4375 4389 4459 4473 4501 4508 4515 4522 4529 4536 4543 4
> 557 4571 4578 4606 4613 4620 4627 4634 4641 4686 4690 4753 4760 4781 4795 4802 
> 4851 4865 4872 4893 4904 4956 4963 4970 5019 5026 5054 5068 5100 5124 5130 5138
>  5258 5264 5271 5278 5306 5348 5355 5362 5369 5376 5390 5397 5432 5439 5457 546
> 0 5467 5474 5523 5586 5593 5607 5614 5621 5628 5642 5656 5663 5670 5726 5733 57
> 40 5747 5754 5757 5780 5810 5817 5824 5852 5859 5866 5901 5960 5985 5992 6013 6
> 022 6027 6069 6083 6104 6113 6118 6125 6174 6181 6195 6216 6223 6230 6237 6244 
> 6251 6293 6300 6307 6321 6328 6335 6354 6370 6384 6412 6419 6426 6440 6461 6470
>  6475 6482 6545)

Data                               Wide   ->   Long
-----------------------------------------------------------------------------
Number of observations                1   ->   411         
Number of variables                 412   ->   3           
j variable (411 values)                   ->   district
xij variables:
  suburban7 suburban14 ... suburban6545   ->   suburban
-----------------------------------------------------------------------------

. drop n

. summarize suburban

    Variable |        Obs        Mean    Std. dev.       Min        Max
-------------+---------------------------------------------------------
    suburban |        411    .1557178    .3630295          0          1

. merge 1:1 district using `lambda_data'

    Result                      Number of obs
    -----------------------------------------
    Not matched                             0
    Matched                               411  (_merge==3)
    -----------------------------------------

. keep if _merge != 1
(0 observations deleted)

. drop _merge

. summarize suburban

    Variable |        Obs        Mean    Std. dev.       Min        Max
-------------+---------------------------------------------------------
    suburban |        411    .1557178    .3630295          0          1

. quietly summarize d, detail

. summarize suburban if d <= `r(p25)'

    Variable |        Obs        Mean    Std. dev.       Min        Max
-------------+---------------------------------------------------------
    suburban |        400        .135    .3421515          0          1

. quietly summarize d, detail

. summarize suburban if d > `r(p75)'

    Variable |        Obs        Mean    Std. dev.       Min        Max
-------------+---------------------------------------------------------
    suburban |         11    .9090909    .3015113          0          1

. summarize d, detail

                          (mean) d
-------------------------------------------------------------
      Percentiles      Smallest
 1%           .5              0
 5%     .5137931              0
10%     .5137931             .4       Obs                 411
25%     .5137931             .5       Sum of wgt.         411

50%     .5137931                      Mean           .5137931
                        Largest       Std. dev.       .045652
75%     .5137931             .6
90%     .5137931             .6       Variance       .0020841
95%     .5137931             .6       Skewness      -3.886775
99%           .6              1       Kurtosis       110.3173

. summarize d if d <= `r(p25)'

    Variable |        Obs        Mean    Std. dev.       Min        Max
-------------+---------------------------------------------------------
           d |        400    .5104224    .0367619          0   .5137931

. summarize d, detail

                          (mean) d
-------------------------------------------------------------
      Percentiles      Smallest
 1%           .5              0
 5%     .5137931              0
10%     .5137931             .4       Obs                 411
25%     .5137931             .5       Sum of wgt.         411

50%     .5137931                      Mean           .5137931
                        Largest       Std. dev.       .045652
75%     .5137931             .6
90%     .5137931             .6       Variance       .0020841
95%     .5137931             .6       Skewness      -3.886775
99%           .6              1       Kurtosis       110.3173

. summarize d if d > `r(p75)'

    Variable |        Obs        Mean    Std. dev.       Min        Max
-------------+---------------------------------------------------------
           d |         11    .6363637    .1206045         .6          1

. 
. * Average teacher experience by incumbent district.
. use "$sim/experiencecont_pre_NEW.dta", clear

. merge 1:1 id using "$sim/incumbent_pre_NEW.dta"

    Result                      Number of obs
    -----------------------------------------
    Not matched                             0
    Matched                             6,741  (_merge==3)
    -----------------------------------------

. drop _merge

. gen district = .
(6,741 missing values generated)

. quietly {

. drop Inc*

. collapse totalexp2, by(district)

. summarize totalexp2

    Variable |        Obs        Mean    Std. dev.       Min        Max
-------------+---------------------------------------------------------
   totalexp2 |         12    11.54696    4.615511   2.617647   19.17718

. merge 1:1 district using `lambda_data'

    Result                      Number of obs
    -----------------------------------------
    Not matched                           401
        from master                         1  (_merge==1)
        from using                        400  (_merge==2)

    Matched                                11  (_merge==3)
    -----------------------------------------

. keep if _merge != 1
(1 observation deleted)

. drop _merge

. summarize totalexp2

    Variable |        Obs        Mean    Std. dev.       Min        Max
-------------+---------------------------------------------------------
   totalexp2 |         11    12.35872    3.838637   6.666667   19.17718

. quietly summarize d, detail

. summarize totalexp2 if d <= `r(p25)'

    Variable |        Obs        Mean    Std. dev.       Min        Max
-------------+---------------------------------------------------------
   totalexp2 |          8    12.10044    4.484896   6.666667   19.17718

. quietly summarize d, detail

. summarize totalexp2 if d > `r(p75)'

    Variable |        Obs        Mean    Std. dev.       Min        Max
-------------+---------------------------------------------------------
   totalexp2 |          3    13.04745    1.515686   11.47567       14.5

. 
. * Master's degree by incumbent district.
. use "$sim/master_pre_NEW.dta", clear

. rename masterup master

. merge 1:1 id using "$sim/incumbent_pre_NEW.dta"

    Result                      Number of obs
    -----------------------------------------
    Not matched                             0
    Matched                             6,741  (_merge==3)
    -----------------------------------------

. drop _merge

. gen district = .
(6,741 missing values generated)

. quietly {

. drop Inc*

. collapse master, by(district)

. summarize master

    Variable |        Obs        Mean    Std. dev.       Min        Max
-------------+---------------------------------------------------------
      master |         12    .4746457    .0724837   .3333333    .554717

. merge 1:1 district using `lambda_data'

    Result                      Number of obs
    -----------------------------------------
    Not matched                           401
        from master                         1  (_merge==1)
        from using                        400  (_merge==2)

    Matched                                11  (_merge==3)
    -----------------------------------------

. keep if _merge != 1
(1 observation deleted)

. drop _merge

. summarize master

    Variable |        Obs        Mean    Std. dev.       Min        Max
-------------+---------------------------------------------------------
      master |         11    .4723408    .0755589   .3333333    .554717

. quietly summarize d, detail

. summarize master if d <= `r(p25)'

    Variable |        Obs        Mean    Std. dev.       Min        Max
-------------+---------------------------------------------------------
      master |          8    .4619686    .0877787   .3333333    .554717

. quietly summarize d, detail

. summarize master if d > `r(p75)'

    Variable |        Obs        Mean    Std. dev.       Min        Max
-------------+---------------------------------------------------------
      master |          3          .5           0         .5         .5

. 
. * Teacher contributions by incumbent district.
. use "$sim/contributions_pre_NEW.dta", clear

. gen c0 = xb0 + v0

. gen c1 = xb1 + v1

. merge 1:1 id using "$sim/incumbent_pre_NEW.dta"

    Result                      Number of obs
    -----------------------------------------
    Not matched                             0
    Matched                             6,741  (_merge==3)
    -----------------------------------------

. drop _merge

. gen district = .
(6,741 missing values generated)

. quietly {

. drop Inc*

. collapse c0 c1, by(district)

. summarize c0 c1

    Variable |        Obs        Mean    Std. dev.       Min        Max
-------------+---------------------------------------------------------
          c0 |         12   -.0000435    .0000491  -.0001676   .0000159
          c1 |         12   -.0000386    .0000205  -.0000694  -1.04e-06

. merge 1:1 district using `lambda_data'

    Result                      Number of obs
    -----------------------------------------
    Not matched                           401
        from master                         1  (_merge==1)
        from using                        400  (_merge==2)

    Matched                                11  (_merge==3)
    -----------------------------------------

. keep if _merge != 1
(1 observation deleted)

. drop _merge

. summarize c0 c1

    Variable |        Obs        Mean    Std. dev.       Min        Max
-------------+---------------------------------------------------------
          c0 |         11   -.0000471    .0000497  -.0001676   .0000159
          c1 |         11    -.000042    .0000175  -.0000694  -7.27e-06

. quietly summarize d, detail

. summarize c0 c1 if d <= `r(p25)'

    Variable |        Obs        Mean    Std. dev.       Min        Max
-------------+---------------------------------------------------------
          c0 |          8   -.0000458    .0000593  -.0001676   .0000159
          c1 |          8   -.0000406    .0000206  -.0000694  -7.27e-06

. quietly summarize d, detail

. summarize c0 c1 if d > `r(p75)'

    Variable |        Obs        Mean    Std. dev.       Min        Max
-------------+---------------------------------------------------------
          c0 |          3   -.0000506    4.52e-06  -.0000558  -.0000477
          c1 |          3   -.0000459    3.74e-06    -.00005  -.0000427

. quietly summarize d, detail

. count if d <= `r(p25)'
  400

. quietly summarize d, detail

. count if d > `r(p75)'
  11

. 
. * District budgets.
. use "$sim/budget_NEW.dta", clear

. reshape long budget capacity, i(n) j(district)
(j = 7 14 63 70 84 91 105 112 119 126 140 147 154 161 170 182 196 203 217 231 238
>  245 280 287 308 315 336 350 364 413 422 427 434 441 469 476 485 490 497 602 60
> 9 616 623 637 657 658 665 700 714 721 735 777 840 870 882 896 903 910 980 994 1
> 015 1029 1071 1080 1085 1092 1120 1127 1134 1141 1155 1162 1169 1176 1183 1204 
> 1218 1232 1246 1253 1260 1295 1309 1316 1376 1380 1407 1414 1421 1428 1449 1491
>  1499 1526 1540 1554 1561 1568 1582 1600 1631 1638 1645 1659 1666 1673 1687 169
> 4 1729 1736 1813 1848 1855 1862 1870 1883 1890 1897 1900 1939 1945 1953 2009 20
> 16 2044 2051 2058 2114 2128 2135 2142 2177 2184 2198 2212 2217 2226 2233 2240 2
> 289 2296 2303 2310 2394 2415 2420 2422 2436 2443 2450 2460 2478 2485 2525 2527 
> 2534 2541 2562 2576 2583 2604 2605 2611 2618 2625 2632 2639 2646 2660 2695 2702
>  2730 2737 2744 2758 2793 2800 2814 2828 2835 2842 2849 2856 2863 2884 2885 289
> 1 2898 2912 2940 2961 3087 3094 3122 3129 3150 3171 3206 3213 3220 3269 3276 32
> 90 3297 3304 3311 3318 3325 3332 3339 3360 3367 3381 3409 3427 3428 3430 3434 3
> 437 3444 3479 3484 3500 3510 3514 3528 3542 3549 3612 3619 3633 3640 3647 3654 
> 3661 3668 3675 3682 3689 3696 3787 3794 3822 3850 3857 3862 3871 3892 3899 3906
>  3920 3925 3934 3941 3948 3955 3962 3969 3976 3983 3990 4011 4018 4025 4060 406
> 7 4074 4088 4095 4137 4144 4151 4165 4179 4186 4207 4221 4228 4235 4263 4270 43
> 05 4312 4330 4347 4368 4375 4389 4459 4473 4501 4508 4515 4522 4529 4536 4543 4
> 557 4571 4578 4606 4613 4620 4627 4634 4641 4686 4690 4753 4760 4781 4795 4802 
> 4851 4865 4872 4893 4904 4956 4963 4970 5019 5026 5054 5068 5100 5124 5130 5138
>  5258 5264 5271 5278 5306 5348 5355 5362 5369 5376 5390 5397 5432 5439 5457 546
> 0 5467 5474 5523 5586 5593 5607 5614 5621 5628 5642 5656 5663 5670 5726 5733 57
> 40 5747 5754 5757 5780 5810 5817 5824 5852 5859 5866 5901 5960 5985 5992 6013 6
> 022 6027 6069 6083 6104 6113 6118 6125 6174 6181 6195 6216 6223 6230 6237 6244 
> 6251 6293 6300 6307 6321 6328 6335 6354 6370 6384 6412 6419 6426 6440 6461 6470
>  6475 6482 6545)

Data                               Wide   ->   Long
-----------------------------------------------------------------------------
Number of observations                1   ->   411         
Number of variables                 823   ->   4           
j variable (411 values)                   ->   district
xij variables:
        budget7 budget14 ... budget6545   ->   budget
  capacity7 capacity14 ... capacity6545   ->   capacity
-----------------------------------------------------------------------------

. drop n

. summarize budget

    Variable |        Obs        Mean    Std. dev.       Min        Max
-------------+---------------------------------------------------------
      budget |        411    704.3136    58.87793   595.1375   948.0652

. gen budget_pc = budget / capacity

. summarize budget_pc

    Variable |        Obs        Mean    Std. dev.       Min        Max
-------------+---------------------------------------------------------
   budget_pc |        411    42.93719    3.277735   37.19609   57.11996

. summarize capacity

    Variable |        Obs        Mean    Std. dev.       Min        Max
-------------+---------------------------------------------------------
    capacity |        411    16.40146    .4907911         16         17

. merge 1:1 district using `lambda_data'

    Result                      Number of obs
    -----------------------------------------
    Not matched                             0
    Matched                               411  (_merge==3)
    -----------------------------------------

. keep if _merge != 1
(0 observations deleted)

. drop _merge

. summarize budget_pc capacity

    Variable |        Obs        Mean    Std. dev.       Min        Max
-------------+---------------------------------------------------------
   budget_pc |        411    42.93719    3.277735   37.19609   57.11996
    capacity |        411    16.40146    .4907911         16         17

. quietly summarize d, detail

. summarize budget_pc capacity if d <= `r(p25)'

    Variable |        Obs        Mean    Std. dev.       Min        Max
-------------+---------------------------------------------------------
   budget_pc |        400    42.74768    3.037635   37.19609   57.11996
    capacity |        400     16.3975    .4899939         16         17

. quietly summarize d, detail

. summarize budget_pc capacity if d > `r(p75)'

    Variable |        Obs        Mean    Std. dev.       Min        Max
-------------+---------------------------------------------------------
   budget_pc |         11    49.82843    4.317937   40.07585   54.83268
    capacity |         11    16.54545     .522233         16         17

. 
. log close table_b21b
      name:  table_b21b
       log:  deterministic synthetic exhibit log
  log type:  text
 closed on:  deterministic synthetic run
---------------------------------------------------------------------------------
