---------------------------------------------------------------------------------
      name:  <unnamed>
       log:  deterministic synthetic exhibit log
  log type:  text
 opened on:  deterministic synthetic run

. su c1 c2, det

                             c1
-------------------------------------------------------------
      Percentiles      Smallest
 1%    -.0001532       -.000324
 5%    -.0000889       -.000324
10%    -.0000622       -.000324       Obs               6,600
25%    -.0000598       -.000324       Sum of wgt.       6,600

50%    -.0000554                      Mean          -.0000371
                        Largest       Std. dev.      .0000527
75%    -.0000101       .0004113
90%     .0000247       .0004113       Variance       2.77e-09
95%     .0000291       .0004113       Skewness       1.832675
99%     .0000337       .0004113       Kurtosis       27.72067

                             c2
-------------------------------------------------------------
      Percentiles      Smallest
 1%    -7.59e-07      -7.59e-07
 5%    -6.03e-07      -7.59e-07
10%     2.15e-06      -7.59e-07       Obs               6,600
25%     .0000126      -7.59e-07       Sum of wgt.       6,600

50%     .0000195                      Mean            .000017
                        Largest       Std. dev.      .0000109
75%     .0000197       .0000388
90%     .0000363       .0000388       Variance       1.19e-10
95%     .0000388       .0000388       Skewness       .3096428
99%     .0000388       .0000388       Kurtosis       2.757367

. log close
      name:  <unnamed>
       log:  deterministic synthetic exhibit log
  log type:  text
 closed on:  deterministic synthetic run
---------------------------------------------------------------------------------
