------------------------------------------------------------------------------------------------------------------------------------
      name:  <unnamed>
       log:  deterministic synthetic exhibit log
  log type:  text
 opened on:  deterministic synthetic run

.         bysort exp: corr v0 c0_class

------------------------------------------------------------------------------------------------------------------------------------
-> exp = 1
(obs=7)

             |       v0 c0_class
-------------+------------------
          v0 |   1.0000
    c0_class |   0.7416   1.0000


------------------------------------------------------------------------------------------------------------------------------------
-> exp = 2
(obs=35)

             |       v0 c0_class
-------------+------------------
          v0 |   1.0000
    c0_class |   0.1681   1.0000


------------------------------------------------------------------------------------------------------------------------------------
-> exp = 3
(obs=73)

             |       v0 c0_class
-------------+------------------
          v0 |   1.0000
    c0_class |   0.2187   1.0000


------------------------------------------------------------------------------------------------------------------------------------
-> exp = 4
(obs=266)

             |       v0 c0_class
-------------+------------------
          v0 |   1.0000
    c0_class |   0.2097   1.0000


------------------------------------------------------------------------------------------------------------------------------------
-> exp = 5
(obs=345)

             |       v0 c0_class
-------------+------------------
          v0 |   1.0000
    c0_class |   0.3155   1.0000


------------------------------------------------------------------------------------------------------------------------------------
-> exp = 6
(obs=1,463)

             |       v0 c0_class
-------------+------------------
          v0 |   1.0000
    c0_class |   0.3327   1.0000


------------------------------------------------------------------------------------------------------------------------------------
-> exp = .
no observations


.     bysort exp: corr v1 c1_class

------------------------------------------------------------------------------------------------------------------------------------
-> exp = 1
(obs=7)

             |       v1 c1_class
-------------+------------------
          v1 |   1.0000
    c1_class |   0.9940   1.0000


------------------------------------------------------------------------------------------------------------------------------------
-> exp = 2
(obs=35)

             |       v1 c1_class
-------------+------------------
          v1 |   1.0000
    c1_class |   0.6888   1.0000


------------------------------------------------------------------------------------------------------------------------------------
-> exp = 3
(obs=73)

             |       v1 c1_class
-------------+------------------
          v1 |   1.0000
    c1_class |   0.5378   1.0000


------------------------------------------------------------------------------------------------------------------------------------
-> exp = 4
(obs=266)

             |       v1 c1_class
-------------+------------------
          v1 |   1.0000
    c1_class |   0.5223   1.0000


------------------------------------------------------------------------------------------------------------------------------------
-> exp = 5
(obs=345)

             |       v1 c1_class
-------------+------------------
          v1 |   1.0000
    c1_class |   0.3731   1.0000


------------------------------------------------------------------------------------------------------------------------------------
-> exp = 6
(obs=1,463)

             |       v1 c1_class
-------------+------------------
          v1 |   1.0000
    c1_class |   0.9121   1.0000


------------------------------------------------------------------------------------------------------------------------------------
-> exp = .
no observations


.         log close
      name:  <unnamed>
       log:  deterministic synthetic exhibit log
  log type:  text
 closed on:  deterministic synthetic run
------------------------------------------------------------------------------------------------------------------------------------
