---------------------------------------------------------------------------------
      name:  <unnamed>
       log:  deterministic synthetic exhibit log
  log type:  text
 opened on:  deterministic synthetic run

. preserve

. use "$est/lambda.dta", clear

. reshape long d, i(n) j(district)
(j = 7 14 63 70 84 91 105 112 119 126 140 147 154 161 170 182 196 203 217 231 238
>  245 280 287 308 315 336 350 364 413 422 427 434 441 469 476 485 490 497 602 60
> 9 616 623 637 657 658 665 700 714 721 735 777 840 870 882 896 903 910 980 994 1
> 015 1029 1071 1080 1085 1092 1120 1127 1134 1141 1155 1162 1169 1176 1183 1204 
> 1218 1232 1246 1253 1260 1295 1309 1316 1376 1380 1407 1414 1421 1428 1449 1491
>  1499 1526 1540 1554 1561 1568 1582 1600 1631 1638 1645 1659 1666 1673 1687 169
> 4 1729 1736 1813 1848 1855 1862 1870 1883 1890 1897 1900 1939 1945 1953 2009 20
> 16 2044 2051 2058 2114 2128 2135 2142 2177 2184 2198 2212 2217 2226 2233 2240 2
> 289 2296 2303 2310 2394 2415 2420 2422 2436 2443 2450 2460 2478 2485 2525 2527 
> 2534 2541 2562 2576 2583 2604 2605 2611 2618 2625 2632 2639 2646 2660 2695 2702
>  2730 2737 2744 2758 2793 2800 2814 2828 2835 2842 2849 2856 2863 2884 2885 289
> 1 2898 2912 2940 2961 3087 3094 3122 3129 3150 3171 3206 3213 3220 3269 3276 32
> 90 3297 3304 3311 3318 3325 3332 3339 3360 3367 3381 3409 3427 3428 3430 3434 3
> 437 3444 3479 3484 3500 3510 3514 3528 3542 3549 3612 3619 3633 3640 3647 3654 
> 3661 3668 3675 3682 3689 3696 3787 3794 3822 3850 3857 3862 3871 3892 3899 3906
>  3920 3925 3934 3941 3948 3955 3962 3969 3976 3983 3990 4011 4018 4025 4060 406
> 7 4074 4088 4095 4137 4144 4151 4165 4179 4186 4207 4221 4228 4235 4263 4270 43
> 05 4312 4330 4347 4368 4375 4389 4459 4473 4501 4508 4515 4522 4529 4536 4543 4
> 557 4571 4578 4606 4613 4620 4627 4634 4641 4686 4690 4753 4760 4781 4795 4802 
> 4851 4865 4872 4893 4904 4956 4963 4970 5019 5026 5054 5068 5100 5124 5130 5138
>  5258 5264 5271 5278 5306 5348 5355 5362 5369 5376 5390 5397 5432 5439 5457 546
> 0 5467 5474 5523 5586 5593 5607 5614 5621 5628 5642 5656 5663 5670 5726 5733 57
> 40 5747 5754 5757 5780 5810 5817 5824 5852 5859 5866 5901 5960 5985 5992 6013 6
> 022 6027 6069 6083 6104 6113 6118 6125 6174 6181 6195 6216 6223 6230 6237 6244 
> 6251 6293 6300 6307 6321 6328 6335 6354 6370 6384 6412 6419 6426 6440 6461 6470
>  6475 6482 6545)

Data                               Wide   ->   Long
-----------------------------------------------------------------------------
Number of observations                1   ->   411         
Number of variables                 412   ->   3           
j variable (411 values)                   ->   district
xij variables:
                       d7 d14 ... d6545   ->   d
-----------------------------------------------------------------------------

. sort district

. save temp.dta, replace
(file temp.dta not found)
file temp.dta saved

. restore

. 
. * Urban districts.
. use "$est/urban.dta", clear

. reshape long urban, i(n) j(district)
(j = 7 14 63 70 84 91 105 112 119 126 140 147 154 161 170 182 196 203 217 231 238
>  245 280 287 308 315 336 350 364 413 422 427 434 441 469 476 485 490 497 602 60
> 9 616 623 637 657 658 665 700 714 721 735 777 840 870 882 896 903 910 980 994 1
> 015 1029 1071 1080 1085 1092 1120 1127 1134 1141 1155 1162 1169 1176 1183 1204 
> 1218 1232 1246 1253 1260 1295 1309 1316 1376 1380 1407 1414 1421 1428 1449 1491
>  1499 1526 1540 1554 1561 1568 1582 1600 1631 1638 1645 1659 1666 1673 1687 169
> 4 1729 1736 1813 1848 1855 1862 1870 1883 1890 1897 1900 1939 1945 1953 2009 20
> 16 2044 2051 2058 2114 2128 2135 2142 2177 2184 2198 2212 2217 2226 2233 2240 2
> 289 2296 2303 2310 2394 2415 2420 2422 2436 2443 2450 2460 2478 2485 2525 2527 
> 2534 2541 2562 2576 2583 2604 2605 2611 2618 2625 2632 2639 2646 2660 2695 2702
>  2730 2737 2744 2758 2793 2800 2814 2828 2835 2842 2849 2856 2863 2884 2885 289
> 1 2898 2912 2940 2961 3087 3094 3122 3129 3150 3171 3206 3213 3220 3269 3276 32
> 90 3297 3304 3311 3318 3325 3332 3339 3360 3367 3381 3409 3427 3428 3430 3434 3
> 437 3444 3479 3484 3500 3510 3514 3528 3542 3549 3612 3619 3633 3640 3647 3654 
> 3661 3668 3675 3682 3689 3696 3787 3794 3822 3850 3857 3862 3871 3892 3899 3906
>  3920 3925 3934 3941 3948 3955 3962 3969 3976 3983 3990 4011 4018 4025 4060 406
> 7 4074 4088 4095 4137 4144 4151 4165 4179 4186 4207 4221 4228 4235 4263 4270 43
> 05 4312 4330 4347 4368 4375 4389 4459 4473 4501 4508 4515 4522 4529 4536 4543 4
> 557 4571 4578 4606 4613 4620 4627 4634 4641 4686 4690 4753 4760 4781 4795 4802 
> 4851 4865 4872 4893 4904 4956 4963 4970 5019 5026 5054 5068 5100 5124 5130 5138
>  5258 5264 5271 5278 5306 5348 5355 5362 5369 5376 5390 5397 5432 5439 5457 546
> 0 5467 5474 5523 5586 5593 5607 5614 5621 5628 5642 5656 5663 5670 5726 5733 57
> 40 5747 5754 5757 5780 5810 5817 5824 5852 5859 5866 5901 5960 5985 5992 6013 6
> 022 6027 6069 6083 6104 6113 6118 6125 6174 6181 6195 6216 6223 6230 6237 6244 
> 6251 6293 6300 6307 6321 6328 6335 6354 6370 6384 6412 6419 6426 6440 6461 6470
>  6475 6482 6545)

Data                               Wide   ->   Long
-----------------------------------------------------------------------------
Number of observations                1   ->   411         
Number of variables                 412   ->   3           
j variable (411 values)                   ->   district
xij variables:
           urban7 urban14 ... urban6545   ->   urban
-----------------------------------------------------------------------------

. su urban

    Variable |        Obs        Mean    Std. dev.       Min        Max
-------------+---------------------------------------------------------
       urban |        411    .0389294    .1936626          0          1

. sort di

. merge 1:1 di using temp.dta

    Result                      Number of obs
    -----------------------------------------
    Not matched                             0
    Matched                               411  (_merge==3)
    -----------------------------------------

. drop _m

. su urban

    Variable |        Obs        Mean    Std. dev.       Min        Max
-------------+---------------------------------------------------------
       urban |        411    .0389294    .1936626          0          1

. qui sum d, det

. su urban if d <= `r(p25)'

    Variable |        Obs        Mean    Std. dev.       Min        Max
-------------+---------------------------------------------------------
       urban |        400       .0375    .1902215          0          1

. qui sum d, det

. su urban if d > `r(p75)'

    Variable |        Obs        Mean    Std. dev.       Min        Max
-------------+---------------------------------------------------------
       urban |         11    .0909091    .3015113          0          1

. 
. * Suburban districts.
. use "$est/suburban.dta", clear

. reshape long suburban, i(n) j(district)
(j = 7 14 63 70 84 91 105 112 119 126 140 147 154 161 170 182 196 203 217 231 238
>  245 280 287 308 315 336 350 364 413 422 427 434 441 469 476 485 490 497 602 60
> 9 616 623 637 657 658 665 700 714 721 735 777 840 870 882 896 903 910 980 994 1
> 015 1029 1071 1080 1085 1092 1120 1127 1134 1141 1155 1162 1169 1176 1183 1204 
> 1218 1232 1246 1253 1260 1295 1309 1316 1376 1380 1407 1414 1421 1428 1449 1491
>  1499 1526 1540 1554 1561 1568 1582 1600 1631 1638 1645 1659 1666 1673 1687 169
> 4 1729 1736 1813 1848 1855 1862 1870 1883 1890 1897 1900 1939 1945 1953 2009 20
> 16 2044 2051 2058 2114 2128 2135 2142 2177 2184 2198 2212 2217 2226 2233 2240 2
> 289 2296 2303 2310 2394 2415 2420 2422 2436 2443 2450 2460 2478 2485 2525 2527 
> 2534 2541 2562 2576 2583 2604 2605 2611 2618 2625 2632 2639 2646 2660 2695 2702
>  2730 2737 2744 2758 2793 2800 2814 2828 2835 2842 2849 2856 2863 2884 2885 289
> 1 2898 2912 2940 2961 3087 3094 3122 3129 3150 3171 3206 3213 3220 3269 3276 32
> 90 3297 3304 3311 3318 3325 3332 3339 3360 3367 3381 3409 3427 3428 3430 3434 3
> 437 3444 3479 3484 3500 3510 3514 3528 3542 3549 3612 3619 3633 3640 3647 3654 
> 3661 3668 3675 3682 3689 3696 3787 3794 3822 3850 3857 3862 3871 3892 3899 3906
>  3920 3925 3934 3941 3948 3955 3962 3969 3976 3983 3990 4011 4018 4025 4060 406
> 7 4074 4088 4095 4137 4144 4151 4165 4179 4186 4207 4221 4228 4235 4263 4270 43
> 05 4312 4330 4347 4368 4375 4389 4459 4473 4501 4508 4515 4522 4529 4536 4543 4
> 557 4571 4578 4606 4613 4620 4627 4634 4641 4686 4690 4753 4760 4781 4795 4802 
> 4851 4865 4872 4893 4904 4956 4963 4970 5019 5026 5054 5068 5100 5124 5130 5138
>  5258 5264 5271 5278 5306 5348 5355 5362 5369 5376 5390 5397 5432 5439 5457 546
> 0 5467 5474 5523 5586 5593 5607 5614 5621 5628 5642 5656 5663 5670 5726 5733 57
> 40 5747 5754 5757 5780 5810 5817 5824 5852 5859 5866 5901 5960 5985 5992 6013 6
> 022 6027 6069 6083 6104 6113 6118 6125 6174 6181 6195 6216 6223 6230 6237 6244 
> 6251 6293 6300 6307 6321 6328 6335 6354 6370 6384 6412 6419 6426 6440 6461 6470
>  6475 6482 6545)

Data                               Wide   ->   Long
-----------------------------------------------------------------------------
Number of observations                1   ->   411         
Number of variables                 412   ->   3           
j variable (411 values)                   ->   district
xij variables:
  suburban7 suburban14 ... suburban6545   ->   suburban
-----------------------------------------------------------------------------

. su suburban

    Variable |        Obs        Mean    Std. dev.       Min        Max
-------------+---------------------------------------------------------
    suburban |        411    .1557178    .3630295          0          1

. sort di

. merge 1:1 di using temp.dta

    Result                      Number of obs
    -----------------------------------------
    Not matched                             0
    Matched                               411  (_merge==3)
    -----------------------------------------

. drop _m

. su suburban

    Variable |        Obs        Mean    Std. dev.       Min        Max
-------------+---------------------------------------------------------
    suburban |        411    .1557178    .3630295          0          1

. qui sum d, det

. su suburban if d <= `r(p25)'

    Variable |        Obs        Mean    Std. dev.       Min        Max
-------------+---------------------------------------------------------
    suburban |        400        .135    .3421515          0          1

. qui sum d, det

. su suburban if d > `r(p75)'

    Variable |        Obs        Mean    Std. dev.       Min        Max
-------------+---------------------------------------------------------
    suburban |         11    .9090909    .3015113          0          1

. su d, det

                          (mean) d
-------------------------------------------------------------
      Percentiles      Smallest
 1%           .5              0
 5%     .5137931              0
10%     .5137931             .4       Obs                 411
25%     .5137931             .5       Sum of wgt.         411

50%     .5137931                      Mean           .5137931
                        Largest       Std. dev.       .045652
75%     .5137931             .6
90%     .5137931             .6       Variance       .0020841
95%     .5137931             .6       Skewness      -3.886775
99%           .6              1       Kurtosis       110.3173

. su d if d <= `r(p25)'

    Variable |        Obs        Mean    Std. dev.       Min        Max
-------------+---------------------------------------------------------
           d |        400    .5104224    .0367619          0   .5137931

. su d, det

                          (mean) d
-------------------------------------------------------------
      Percentiles      Smallest
 1%           .5              0
 5%     .5137931              0
10%     .5137931             .4       Obs                 411
25%     .5137931             .5       Sum of wgt.         411

50%     .5137931                      Mean           .5137931
                        Largest       Std. dev.       .045652
75%     .5137931             .6
90%     .5137931             .6       Variance       .0020841
95%     .5137931             .6       Skewness      -3.886775
99%           .6              1       Kurtosis       110.3173

. su d if d > `r(p75)'

    Variable |        Obs        Mean    Std. dev.       Min        Max
-------------+---------------------------------------------------------
           d |         11    .6363637    .1206045         .6          1

. 
. * Average teacher experience by incumbent district.
. use "$est/experiencecont.dta", clear

. sort id

. merge 1:1 id using "$est/incumbent.dta"

    Result                      Number of obs
    -----------------------------------------
    Not matched                             0
    Matched                             6,600  (_merge==3)
    -----------------------------------------

. gen DD = .
(6,600 missing values generated)

. foreach v of varlist Inc* {
  2.     local n = substr("`v'",4,4)
  3.     replace DD = `n' if `v' == 1
  4. }
(0 real changes made)
(0 real changes made)
(0 real changes made)
(0 real changes made)
(0 real changes made)
(0 real changes made)
(0 real changes made)
(0 real changes made)
(0 real changes made)
(0 real changes made)
(0 real changes made)
(0 real changes made)
(0 real changes made)
(0 real changes made)
(0 real changes made)
(0 real changes made)
(0 real changes made)
(0 real changes made)
(0 real changes made)
(0 real changes made)
(0 real changes made)
(0 real changes made)
(0 real changes made)
(0 real changes made)
(0 real changes made)
(0 real changes made)
(0 real changes made)
(0 real changes made)
(0 real changes made)
(0 real changes made)
(58 real changes made)
(0 real changes made)
(0 real changes made)
(0 real changes made)
(0 real changes made)
(0 real changes made)
(0 real changes made)
(0 real changes made)
(0 real changes made)
(0 real changes made)
(0 real changes made)
(0 real changes made)
(0 real changes made)
(0 real changes made)
(0 real changes made)
(0 real changes made)
(84 real changes made)
(0 real changes made)
(58 real changes made)
(0 real changes made)
(0 real changes made)
(0 real changes made)
(0 real changes made)
(0 real changes made)
(0 real changes made)
(0 real changes made)
(0 real changes made)
(0 real changes made)
(0 real changes made)
(0 real changes made)
(87 real changes made)
(0 real changes made)
(0 real changes made)
(0 real changes made)
(0 real changes made)
(0 real changes made)
(0 real changes made)
(0 real changes made)
(0 real changes made)
(0 real changes made)
(0 real changes made)
(0 real changes made)
(0 real changes made)
(0 real changes made)
(0 real changes made)
(0 real changes made)
(0 real changes made)
(0 real changes made)
(0 real changes made)
(0 real changes made)
(0 real changes made)
(0 real changes made)
(0 real changes made)
(0 real changes made)
(0 real changes made)
(0 real changes made)
(0 real changes made)
(0 real changes made)
(0 real changes made)
(0 real changes made)
(0 real changes made)
(0 real changes made)
(0 real changes made)
(0 real changes made)
(0 real changes made)
(0 real changes made)
(0 real changes made)
(0 real changes made)
(0 real changes made)
(0 real changes made)
(0 real changes made)
(0 real changes made)
(0 real changes made)
(0 real changes made)
(0 real changes made)
(0 real changes made)
(0 real changes made)
(0 real changes made)
(0 real changes made)
(0 real changes made)
(0 real changes made)
(0 real changes made)
(0 real changes made)
(0 real changes made)
(0 real changes made)
(0 real changes made)
(0 real changes made)
(0 real changes made)
(0 real changes made)
(0 real changes made)
(0 real changes made)
(0 real changes made)
(0 real changes made)
(0 real changes made)
(0 real changes made)
(0 real changes made)
(0 real changes made)
(0 real changes made)
(0 real changes made)
(0 real changes made)
(0 real changes made)
(0 real changes made)
(202 real changes made)
(0 real changes made)
(0 real changes made)
(86 real changes made)
(0 real changes made)
(0 real changes made)
(0 real changes made)
(0 real changes made)
(144 real changes made)
(289 real changes made)
(0 real changes made)
(0 real changes made)
(0 real changes made)
(0 real changes made)
(0 real changes made)
(0 real changes made)
(0 real changes made)
(202 real changes made)
(260 real changes made)
(0 real changes made)
(0 real changes made)
(0 real changes made)
(0 real changes made)
(0 real changes made)
(0 real changes made)
(0 real changes made)
(0 real changes made)
(0 real changes made)
(0 real changes made)
(0 real changes made)
(0 real changes made)
(0 real changes made)
(0 real changes made)
(0 real changes made)
(0 real changes made)
(0 real changes made)
(0 real changes made)
(0 real changes made)
(0 real changes made)
(0 real changes made)
(0 real changes made)
(0 real changes made)
(0 real changes made)
(58 real changes made)
(0 real changes made)
(0 real changes made)
(0 real changes made)
(0 real changes made)
(0 real changes made)
(0 real changes made)
(0 real changes made)
(0 real changes made)
(0 real changes made)
(0 real changes made)
(0 real changes made)
(0 real changes made)
(0 real changes made)
(0 real changes made)
(0 real changes made)
(0 real changes made)
(0 real changes made)
(0 real changes made)
(0 real changes made)
(0 real changes made)
(0 real changes made)
(0 real changes made)
(0 real changes made)
(0 real changes made)
(0 real changes made)
(0 real changes made)
(0 real changes made)
(0 real changes made)
(0 real changes made)
(0 real changes made)
(0 real changes made)
(0 real changes made)
(0 real changes made)
(0 real changes made)
(0 real changes made)
(0 real changes made)
(0 real changes made)
(0 real changes made)
(0 real changes made)
(0 real changes made)
(0 real changes made)
(0 real changes made)
(144 real changes made)
(0 real changes made)
(336 real changes made)
(0 real changes made)
(0 real changes made)
(392 real changes made)
(0 real changes made)
(560 real changes made)
(0 real changes made)
(0 real changes made)
(0 real changes made)
(392 real changes made)
(0 real changes made)
(0 real changes made)
(0 real changes made)
(0 real changes made)
(0 real changes made)
(0 real changes made)
(0 real changes made)
(0 real changes made)
(0 real changes made)
(0 real changes made)
(0 real changes made)
(0 real changes made)
(0 real changes made)
(0 real changes made)
(728 real changes made)
(0 real changes made)
(0 real changes made)
(0 real changes made)
(0 real changes made)
(0 real changes made)
(0 real changes made)
(784 real changes made)
(0 real changes made)
(0 real changes made)
(0 real changes made)
(0 real changes made)
(0 real changes made)
(0 real changes made)
(0 real changes made)
(0 real changes made)
(0 real changes made)
(0 real changes made)
(0 real changes made)
(0 real changes made)
(28 real changes made)
(0 real changes made)
(0 real changes made)
(0 real changes made)
(0 real changes made)
(0 real changes made)
(0 real changes made)
(0 real changes made)
(0 real changes made)
(0 real changes made)
(0 real changes made)
(0 real changes made)
(0 real changes made)
(0 real changes made)
(0 real changes made)
(0 real changes made)
(0 real changes made)
(0 real changes made)
(0 real changes made)
(0 real changes made)
(0 real changes made)
(0 real changes made)
(0 real changes made)
(0 real changes made)
(0 real changes made)
(0 real changes made)
(0 real changes made)
(0 real changes made)
(0 real changes made)
(0 real changes made)
(0 real changes made)
(0 real changes made)
(0 real changes made)
(0 real changes made)
(0 real changes made)
(0 real changes made)
(0 real changes made)
(0 real changes made)
(0 real changes made)
(0 real changes made)
(0 real changes made)
(0 real changes made)
(0 real changes made)
(0 real changes made)
(0 real changes made)
(0 real changes made)
(0 real changes made)
(0 real changes made)
(0 real changes made)
(0 real changes made)
(0 real changes made)
(0 real changes made)
(0 real changes made)
(0 real changes made)
(0 real changes made)
(0 real changes made)
(0 real changes made)
(0 real changes made)
(0 real changes made)
(0 real changes made)
(0 real changes made)
(0 real changes made)
(0 real changes made)
(0 real changes made)
(0 real changes made)
(0 real changes made)
(0 real changes made)
(0 real changes made)
(0 real changes made)
(0 real changes made)
(0 real changes made)
(0 real changes made)
(0 real changes made)
(0 real changes made)
(0 real changes made)
(0 real changes made)
(0 real changes made)
(0 real changes made)
(0 real changes made)
(0 real changes made)
(0 real changes made)
(0 real changes made)
(0 real changes made)
(0 real changes made)
(0 real changes made)
(0 real changes made)
(0 real changes made)
(0 real changes made)
(0 real changes made)
(0 real changes made)
(0 real changes made)
(0 real changes made)
(0 real changes made)
(0 real changes made)
(0 real changes made)
(0 real changes made)
(0 real changes made)
(0 real changes made)
(0 real changes made)
(0 real changes made)
(0 real changes made)
(0 real changes made)
(0 real changes made)
(0 real changes made)
(0 real changes made)
(0 real changes made)
(0 real changes made)
(0 real changes made)
(0 real changes made)
(0 real changes made)
(0 real changes made)
(0 real changes made)
(0 real changes made)
(0 real changes made)
(0 real changes made)
(0 real changes made)
(0 real changes made)
(0 real changes made)
(0 real changes made)
(0 real changes made)
(0 real changes made)
(0 real changes made)
(0 real changes made)
(0 real changes made)
(0 real changes made)
(0 real changes made)
(0 real changes made)
(0 real changes made)
(0 real changes made)
(0 real changes made)
(0 real changes made)
(0 real changes made)
(0 real changes made)
(0 real changes made)
(0 real changes made)
(0 real changes made)
(0 real changes made)
(0 real changes made)
(0 real changes made)
(0 real changes made)
(0 real changes made)
(0 real changes made)
(0 real changes made)
(0 real changes made)
(0 real changes made)
(0 real changes made)
(0 real changes made)

. drop Inc*

. collapse totalexp2, by(DD)

. su totalexp2

    Variable |        Obs        Mean    Std. dev.       Min        Max
-------------+---------------------------------------------------------
   totalexp2 |         20     14.7738    4.984633   2.163934   22.29231

. rename DD district

. sort di

. merge 1:1 di using temp.dta

    Result                      Number of obs
    -----------------------------------------
    Not matched                           393
        from master                         1  (_merge==1)
        from using                        392  (_merge==2)

    Matched                                19  (_merge==3)
    -----------------------------------------

. drop _m

. su totalexp2

    Variable |        Obs        Mean    Std. dev.       Min        Max
-------------+---------------------------------------------------------
   totalexp2 |         20     14.7738    4.984633   2.163934   22.29231

. qui su d, det

. su totalexp2 if d <= `r(p25)'

    Variable |        Obs        Mean    Std. dev.       Min        Max
-------------+---------------------------------------------------------
   totalexp2 |         11    15.07765    4.289674         10       21.5

. qui su d, det

. su totalexp2 if d > `r(p75)'

    Variable |        Obs        Mean    Std. dev.       Min        Max
-------------+---------------------------------------------------------
   totalexp2 |          9    14.40241    5.977194   2.163934   22.29231

. 
. * Master's degree by incumbent district.
. use "$est/master.dta", clear

. sort id

. merge 1:1 id using "$est/incumbent.dta"

    Result                      Number of obs
    -----------------------------------------
    Not matched                             0
    Matched                             6,600  (_merge==3)
    -----------------------------------------

. gen DD = .
(6,600 missing values generated)

. foreach v of varlist Inc* {
  2.     local n = substr("`v'",4,4)
  3.     replace DD = `n' if `v' == 1
  4. }
(0 real changes made)
(0 real changes made)
(0 real changes made)
(0 real changes made)
(0 real changes made)
(0 real changes made)
(0 real changes made)
(0 real changes made)
(0 real changes made)
(0 real changes made)
(0 real changes made)
(0 real changes made)
(0 real changes made)
(0 real changes made)
(0 real changes made)
(0 real changes made)
(0 real changes made)
(0 real changes made)
(0 real changes made)
(0 real changes made)
(0 real changes made)
(0 real changes made)
(0 real changes made)
(0 real changes made)
(0 real changes made)
(0 real changes made)
(0 real changes made)
(0 real changes made)
(0 real changes made)
(0 real changes made)
(58 real changes made)
(0 real changes made)
(0 real changes made)
(0 real changes made)
(0 real changes made)
(0 real changes made)
(0 real changes made)
(0 real changes made)
(0 real changes made)
(0 real changes made)
(0 real changes made)
(0 real changes made)
(0 real changes made)
(0 real changes made)
(0 real changes made)
(0 real changes made)
(84 real changes made)
(0 real changes made)
(58 real changes made)
(0 real changes made)
(0 real changes made)
(0 real changes made)
(0 real changes made)
(0 real changes made)
(0 real changes made)
(0 real changes made)
(0 real changes made)
(0 real changes made)
(0 real changes made)
(0 real changes made)
(87 real changes made)
(0 real changes made)
(0 real changes made)
(0 real changes made)
(0 real changes made)
(0 real changes made)
(0 real changes made)
(0 real changes made)
(0 real changes made)
(0 real changes made)
(0 real changes made)
(0 real changes made)
(0 real changes made)
(0 real changes made)
(0 real changes made)
(0 real changes made)
(0 real changes made)
(0 real changes made)
(0 real changes made)
(0 real changes made)
(0 real changes made)
(0 real changes made)
(0 real changes made)
(0 real changes made)
(0 real changes made)
(0 real changes made)
(0 real changes made)
(0 real changes made)
(0 real changes made)
(0 real changes made)
(0 real changes made)
(0 real changes made)
(0 real changes made)
(0 real changes made)
(0 real changes made)
(0 real changes made)
(0 real changes made)
(0 real changes made)
(0 real changes made)
(0 real changes made)
(0 real changes made)
(0 real changes made)
(0 real changes made)
(0 real changes made)
(0 real changes made)
(0 real changes made)
(0 real changes made)
(0 real changes made)
(0 real changes made)
(0 real changes made)
(0 real changes made)
(0 real changes made)
(0 real changes made)
(0 real changes made)
(0 real changes made)
(0 real changes made)
(0 real changes made)
(0 real changes made)
(0 real changes made)
(0 real changes made)
(0 real changes made)
(0 real changes made)
(0 real changes made)
(0 real changes made)
(0 real changes made)
(0 real changes made)
(0 real changes made)
(0 real changes made)
(0 real changes made)
(0 real changes made)
(0 real changes made)
(0 real changes made)
(202 real changes made)
(0 real changes made)
(0 real changes made)
(86 real changes made)
(0 real changes made)
(0 real changes made)
(0 real changes made)
(0 real changes made)
(144 real changes made)
(289 real changes made)
(0 real changes made)
(0 real changes made)
(0 real changes made)
(0 real changes made)
(0 real changes made)
(0 real changes made)
(0 real changes made)
(202 real changes made)
(260 real changes made)
(0 real changes made)
(0 real changes made)
(0 real changes made)
(0 real changes made)
(0 real changes made)
(0 real changes made)
(0 real changes made)
(0 real changes made)
(0 real changes made)
(0 real changes made)
(0 real changes made)
(0 real changes made)
(0 real changes made)
(0 real changes made)
(0 real changes made)
(0 real changes made)
(0 real changes made)
(0 real changes made)
(0 real changes made)
(0 real changes made)
(0 real changes made)
(0 real changes made)
(0 real changes made)
(0 real changes made)
(58 real changes made)
(0 real changes made)
(0 real changes made)
(0 real changes made)
(0 real changes made)
(0 real changes made)
(0 real changes made)
(0 real changes made)
(0 real changes made)
(0 real changes made)
(0 real changes made)
(0 real changes made)
(0 real changes made)
(0 real changes made)
(0 real changes made)
(0 real changes made)
(0 real changes made)
(0 real changes made)
(0 real changes made)
(0 real changes made)
(0 real changes made)
(0 real changes made)
(0 real changes made)
(0 real changes made)
(0 real changes made)
(0 real changes made)
(0 real changes made)
(0 real changes made)
(0 real changes made)
(0 real changes made)
(0 real changes made)
(0 real changes made)
(0 real changes made)
(0 real changes made)
(0 real changes made)
(0 real changes made)
(0 real changes made)
(0 real changes made)
(0 real changes made)
(0 real changes made)
(0 real changes made)
(0 real changes made)
(0 real changes made)
(144 real changes made)
(0 real changes made)
(336 real changes made)
(0 real changes made)
(0 real changes made)
(392 real changes made)
(0 real changes made)
(560 real changes made)
(0 real changes made)
(0 real changes made)
(0 real changes made)
(392 real changes made)
(0 real changes made)
(0 real changes made)
(0 real changes made)
(0 real changes made)
(0 real changes made)
(0 real changes made)
(0 real changes made)
(0 real changes made)
(0 real changes made)
(0 real changes made)
(0 real changes made)
(0 real changes made)
(0 real changes made)
(0 real changes made)
(728 real changes made)
(0 real changes made)
(0 real changes made)
(0 real changes made)
(0 real changes made)
(0 real changes made)
(0 real changes made)
(784 real changes made)
(0 real changes made)
(0 real changes made)
(0 real changes made)
(0 real changes made)
(0 real changes made)
(0 real changes made)
(0 real changes made)
(0 real changes made)
(0 real changes made)
(0 real changes made)
(0 real changes made)
(0 real changes made)
(28 real changes made)
(0 real changes made)
(0 real changes made)
(0 real changes made)
(0 real changes made)
(0 real changes made)
(0 real changes made)
(0 real changes made)
(0 real changes made)
(0 real changes made)
(0 real changes made)
(0 real changes made)
(0 real changes made)
(0 real changes made)
(0 real changes made)
(0 real changes made)
(0 real changes made)
(0 real changes made)
(0 real changes made)
(0 real changes made)
(0 real changes made)
(0 real changes made)
(0 real changes made)
(0 real changes made)
(0 real changes made)
(0 real changes made)
(0 real changes made)
(0 real changes made)
(0 real changes made)
(0 real changes made)
(0 real changes made)
(0 real changes made)
(0 real changes made)
(0 real changes made)
(0 real changes made)
(0 real changes made)
(0 real changes made)
(0 real changes made)
(0 real changes made)
(0 real changes made)
(0 real changes made)
(0 real changes made)
(0 real changes made)
(0 real changes made)
(0 real changes made)
(0 real changes made)
(0 real changes made)
(0 real changes made)
(0 real changes made)
(0 real changes made)
(0 real changes made)
(0 real changes made)
(0 real changes made)
(0 real changes made)
(0 real changes made)
(0 real changes made)
(0 real changes made)
(0 real changes made)
(0 real changes made)
(0 real changes made)
(0 real changes made)
(0 real changes made)
(0 real changes made)
(0 real changes made)
(0 real changes made)
(0 real changes made)
(0 real changes made)
(0 real changes made)
(0 real changes made)
(0 real changes made)
(0 real changes made)
(0 real changes made)
(0 real changes made)
(0 real changes made)
(0 real changes made)
(0 real changes made)
(0 real changes made)
(0 real changes made)
(0 real changes made)
(0 real changes made)
(0 real changes made)
(0 real changes made)
(0 real changes made)
(0 real changes made)
(0 real changes made)
(0 real changes made)
(0 real changes made)
(0 real changes made)
(0 real changes made)
(0 real changes made)
(0 real changes made)
(0 real changes made)
(0 real changes made)
(0 real changes made)
(0 real changes made)
(0 real changes made)
(0 real changes made)
(0 real changes made)
(0 real changes made)
(0 real changes made)
(0 real changes made)
(0 real changes made)
(0 real changes made)
(0 real changes made)
(0 real changes made)
(0 real changes made)
(0 real changes made)
(0 real changes made)
(0 real changes made)
(0 real changes made)
(0 real changes made)
(0 real changes made)
(0 real changes made)
(0 real changes made)
(0 real changes made)
(0 real changes made)
(0 real changes made)
(0 real changes made)
(0 real changes made)
(0 real changes made)
(0 real changes made)
(0 real changes made)
(0 real changes made)
(0 real changes made)
(0 real changes made)
(0 real changes made)
(0 real changes made)
(0 real changes made)
(0 real changes made)
(0 real changes made)
(0 real changes made)
(0 real changes made)
(0 real changes made)
(0 real changes made)
(0 real changes made)
(0 real changes made)
(0 real changes made)
(0 real changes made)
(0 real changes made)
(0 real changes made)
(0 real changes made)
(0 real changes made)
(0 real changes made)
(0 real changes made)
(0 real changes made)
(0 real changes made)
(0 real changes made)

. drop Inc*

. collapse master, by(DD)

. su master

    Variable |        Obs        Mean    Std. dev.       Min        Max
-------------+---------------------------------------------------------
    masterup |         20    .5085743    .1388914   .3333333          1

. rename DD district

. sort di

. merge 1:1 di using temp.dta

    Result                      Number of obs
    -----------------------------------------
    Not matched                           393
        from master                         1  (_merge==1)
        from using                        392  (_merge==2)

    Matched                                19  (_merge==3)
    -----------------------------------------

. drop _m

. su master

    Variable |        Obs        Mean    Std. dev.       Min        Max
-------------+---------------------------------------------------------
    masterup |         20    .5085743    .1388914   .3333333          1

. qui su d, det

. su master if d <= `r(p25)'

    Variable |        Obs        Mean    Std. dev.       Min        Max
-------------+---------------------------------------------------------
    masterup |         11    .5086936    .1759348   .3333333          1

. qui su d, det

. su master if d > `r(p75)'

    Variable |        Obs        Mean    Std. dev.       Min        Max
-------------+---------------------------------------------------------
    masterup |          9    .5084284    .0844055   .4027778   .6744186

. 
. * Teacher contributions by incumbent district.
. use "$est/contributions.dta", clear

. gen c0 = xb0 + v0

. gen c1 = xb1 + v1

. sort id

. merge 1:1 id using "$est/incumbent.dta"

    Result                      Number of obs
    -----------------------------------------
    Not matched                             0
    Matched                             6,600  (_merge==3)
    -----------------------------------------

. gen DD = .
(6,600 missing values generated)

. foreach v of varlist Inc* {
  2.     local n = substr("`v'",4,4)
  3.     replace DD = `n' if `v' == 1
  4. }
(0 real changes made)
(0 real changes made)
(0 real changes made)
(0 real changes made)
(0 real changes made)
(0 real changes made)
(0 real changes made)
(0 real changes made)
(0 real changes made)
(0 real changes made)
(0 real changes made)
(0 real changes made)
(0 real changes made)
(0 real changes made)
(0 real changes made)
(0 real changes made)
(0 real changes made)
(0 real changes made)
(0 real changes made)
(0 real changes made)
(0 real changes made)
(0 real changes made)
(0 real changes made)
(0 real changes made)
(0 real changes made)
(0 real changes made)
(0 real changes made)
(0 real changes made)
(0 real changes made)
(0 real changes made)
(58 real changes made)
(0 real changes made)
(0 real changes made)
(0 real changes made)
(0 real changes made)
(0 real changes made)
(0 real changes made)
(0 real changes made)
(0 real changes made)
(0 real changes made)
(0 real changes made)
(0 real changes made)
(0 real changes made)
(0 real changes made)
(0 real changes made)
(0 real changes made)
(84 real changes made)
(0 real changes made)
(58 real changes made)
(0 real changes made)
(0 real changes made)
(0 real changes made)
(0 real changes made)
(0 real changes made)
(0 real changes made)
(0 real changes made)
(0 real changes made)
(0 real changes made)
(0 real changes made)
(0 real changes made)
(87 real changes made)
(0 real changes made)
(0 real changes made)
(0 real changes made)
(0 real changes made)
(0 real changes made)
(0 real changes made)
(0 real changes made)
(0 real changes made)
(0 real changes made)
(0 real changes made)
(0 real changes made)
(0 real changes made)
(0 real changes made)
(0 real changes made)
(0 real changes made)
(0 real changes made)
(0 real changes made)
(0 real changes made)
(0 real changes made)
(0 real changes made)
(0 real changes made)
(0 real changes made)
(0 real changes made)
(0 real changes made)
(0 real changes made)
(0 real changes made)
(0 real changes made)
(0 real changes made)
(0 real changes made)
(0 real changes made)
(0 real changes made)
(0 real changes made)
(0 real changes made)
(0 real changes made)
(0 real changes made)
(0 real changes made)
(0 real changes made)
(0 real changes made)
(0 real changes made)
(0 real changes made)
(0 real changes made)
(0 real changes made)
(0 real changes made)
(0 real changes made)
(0 real changes made)
(0 real changes made)
(0 real changes made)
(0 real changes made)
(0 real changes made)
(0 real changes made)
(0 real changes made)
(0 real changes made)
(0 real changes made)
(0 real changes made)
(0 real changes made)
(0 real changes made)
(0 real changes made)
(0 real changes made)
(0 real changes made)
(0 real changes made)
(0 real changes made)
(0 real changes made)
(0 real changes made)
(0 real changes made)
(0 real changes made)
(0 real changes made)
(0 real changes made)
(0 real changes made)
(0 real changes made)
(0 real changes made)
(0 real changes made)
(202 real changes made)
(0 real changes made)
(0 real changes made)
(86 real changes made)
(0 real changes made)
(0 real changes made)
(0 real changes made)
(0 real changes made)
(144 real changes made)
(289 real changes made)
(0 real changes made)
(0 real changes made)
(0 real changes made)
(0 real changes made)
(0 real changes made)
(0 real changes made)
(0 real changes made)
(202 real changes made)
(260 real changes made)
(0 real changes made)
(0 real changes made)
(0 real changes made)
(0 real changes made)
(0 real changes made)
(0 real changes made)
(0 real changes made)
(0 real changes made)
(0 real changes made)
(0 real changes made)
(0 real changes made)
(0 real changes made)
(0 real changes made)
(0 real changes made)
(0 real changes made)
(0 real changes made)
(0 real changes made)
(0 real changes made)
(0 real changes made)
(0 real changes made)
(0 real changes made)
(0 real changes made)
(0 real changes made)
(0 real changes made)
(58 real changes made)
(0 real changes made)
(0 real changes made)
(0 real changes made)
(0 real changes made)
(0 real changes made)
(0 real changes made)
(0 real changes made)
(0 real changes made)
(0 real changes made)
(0 real changes made)
(0 real changes made)
(0 real changes made)
(0 real changes made)
(0 real changes made)
(0 real changes made)
(0 real changes made)
(0 real changes made)
(0 real changes made)
(0 real changes made)
(0 real changes made)
(0 real changes made)
(0 real changes made)
(0 real changes made)
(0 real changes made)
(0 real changes made)
(0 real changes made)
(0 real changes made)
(0 real changes made)
(0 real changes made)
(0 real changes made)
(0 real changes made)
(0 real changes made)
(0 real changes made)
(0 real changes made)
(0 real changes made)
(0 real changes made)
(0 real changes made)
(0 real changes made)
(0 real changes made)
(0 real changes made)
(0 real changes made)
(0 real changes made)
(144 real changes made)
(0 real changes made)
(336 real changes made)
(0 real changes made)
(0 real changes made)
(392 real changes made)
(0 real changes made)
(560 real changes made)
(0 real changes made)
(0 real changes made)
(0 real changes made)
(392 real changes made)
(0 real changes made)
(0 real changes made)
(0 real changes made)
(0 real changes made)
(0 real changes made)
(0 real changes made)
(0 real changes made)
(0 real changes made)
(0 real changes made)
(0 real changes made)
(0 real changes made)
(0 real changes made)
(0 real changes made)
(0 real changes made)
(728 real changes made)
(0 real changes made)
(0 real changes made)
(0 real changes made)
(0 real changes made)
(0 real changes made)
(0 real changes made)
(784 real changes made)
(0 real changes made)
(0 real changes made)
(0 real changes made)
(0 real changes made)
(0 real changes made)
(0 real changes made)
(0 real changes made)
(0 real changes made)
(0 real changes made)
(0 real changes made)
(0 real changes made)
(0 real changes made)
(28 real changes made)
(0 real changes made)
(0 real changes made)
(0 real changes made)
(0 real changes made)
(0 real changes made)
(0 real changes made)
(0 real changes made)
(0 real changes made)
(0 real changes made)
(0 real changes made)
(0 real changes made)
(0 real changes made)
(0 real changes made)
(0 real changes made)
(0 real changes made)
(0 real changes made)
(0 real changes made)
(0 real changes made)
(0 real changes made)
(0 real changes made)
(0 real changes made)
(0 real changes made)
(0 real changes made)
(0 real changes made)
(0 real changes made)
(0 real changes made)
(0 real changes made)
(0 real changes made)
(0 real changes made)
(0 real changes made)
(0 real changes made)
(0 real changes made)
(0 real changes made)
(0 real changes made)
(0 real changes made)
(0 real changes made)
(0 real changes made)
(0 real changes made)
(0 real changes made)
(0 real changes made)
(0 real changes made)
(0 real changes made)
(0 real changes made)
(0 real changes made)
(0 real changes made)
(0 real changes made)
(0 real changes made)
(0 real changes made)
(0 real changes made)
(0 real changes made)
(0 real changes made)
(0 real changes made)
(0 real changes made)
(0 real changes made)
(0 real changes made)
(0 real changes made)
(0 real changes made)
(0 real changes made)
(0 real changes made)
(0 real changes made)
(0 real changes made)
(0 real changes made)
(0 real changes made)
(0 real changes made)
(0 real changes made)
(0 real changes made)
(0 real changes made)
(0 real changes made)
(0 real changes made)
(0 real changes made)
(0 real changes made)
(0 real changes made)
(0 real changes made)
(0 real changes made)
(0 real changes made)
(0 real changes made)
(0 real changes made)
(0 real changes made)
(0 real changes made)
(0 real changes made)
(0 real changes made)
(0 real changes made)
(0 real changes made)
(0 real changes made)
(0 real changes made)
(0 real changes made)
(0 real changes made)
(0 real changes made)
(0 real changes made)
(0 real changes made)
(0 real changes made)
(0 real changes made)
(0 real changes made)
(0 real changes made)
(0 real changes made)
(0 real changes made)
(0 real changes made)
(0 real changes made)
(0 real changes made)
(0 real changes made)
(0 real changes made)
(0 real changes made)
(0 real changes made)
(0 real changes made)
(0 real changes made)
(0 real changes made)
(0 real changes made)
(0 real changes made)
(0 real changes made)
(0 real changes made)
(0 real changes made)
(0 real changes made)
(0 real changes made)
(0 real changes made)
(0 real changes made)
(0 real changes made)
(0 real changes made)
(0 real changes made)
(0 real changes made)
(0 real changes made)
(0 real changes made)
(0 real changes made)
(0 real changes made)
(0 real changes made)
(0 real changes made)
(0 real changes made)
(0 real changes made)
(0 real changes made)
(0 real changes made)
(0 real changes made)
(0 real changes made)
(0 real changes made)
(0 real changes made)
(0 real changes made)
(0 real changes made)
(0 real changes made)
(0 real changes made)
(0 real changes made)
(0 real changes made)
(0 real changes made)
(0 real changes made)
(0 real changes made)
(0 real changes made)
(0 real changes made)
(0 real changes made)
(0 real changes made)

. drop Inc*

. collapse c0 c1, by(DD)

. su c0 c1

    Variable |        Obs        Mean    Std. dev.       Min        Max
-------------+---------------------------------------------------------
          c0 |         20   -.0000261    .0001044  -.0000799   .0004113
          c1 |         20    .0000147    5.14e-06   3.21e-06   .0000214

. rename DD district

. sort di

. merge 1:1 di using temp.dta

    Result                      Number of obs
    -----------------------------------------
    Not matched                           393
        from master                         1  (_merge==1)
        from using                        392  (_merge==2)

    Matched                                19  (_merge==3)
    -----------------------------------------

. drop _m

. su c0 c1

    Variable |        Obs        Mean    Std. dev.       Min        Max
-------------+---------------------------------------------------------
          c0 |         20   -.0000261    .0001044  -.0000799   .0004113
          c1 |         20    .0000147    5.14e-06   3.21e-06   .0000214

. qui su d, det

. su c0 c1 if d <= `r(p25)'

    Variable |        Obs        Mean    Std. dev.       Min        Max
-------------+---------------------------------------------------------
          c0 |         11   -5.50e-06    .0001387  -.0000658   .0004113
          c1 |         11    .0000137    5.59e-06   3.21e-06   .0000203

. qui su d, det

. su c0 c1 if d > `r(p75)'

    Variable |        Obs        Mean    Std. dev.       Min        Max
-------------+---------------------------------------------------------
          c0 |          9   -.0000512    .0000236  -.0000799   1.96e-06
          c1 |          9     .000016    4.52e-06   8.40e-06   .0000214

. qui su d, det

. count if d <= `r(p25)'
  400

. qui su d, det

. count if d > `r(p75)'
  12

. 
. * District budgets.
. use "$est/budget.dta", clear

. reshape long budget capacity, i(n) j(district)
(j = 7 14 63 70 84 91 105 112 119 126 140 147 154 161 170 182 196 203 217 231 238
>  245 280 287 308 315 336 350 364 413 422 427 434 441 469 476 485 490 497 602 60
> 9 616 623 637 657 658 665 700 714 721 735 777 840 870 882 896 903 910 980 994 1
> 015 1029 1071 1080 1085 1092 1120 1127 1134 1141 1155 1162 1169 1176 1183 1204 
> 1218 1232 1246 1253 1260 1295 1309 1316 1376 1380 1407 1414 1421 1428 1449 1491
>  1499 1526 1540 1554 1561 1568 1582 1600 1631 1638 1645 1659 1666 1673 1687 169
> 4 1729 1736 1813 1848 1855 1862 1870 1883 1890 1897 1900 1939 1945 1953 2009 20
> 16 2044 2051 2058 2114 2128 2135 2142 2177 2184 2198 2212 2217 2226 2233 2240 2
> 289 2296 2303 2310 2394 2415 2420 2422 2436 2443 2450 2460 2478 2485 2525 2527 
> 2534 2541 2562 2576 2583 2604 2605 2611 2618 2625 2632 2639 2646 2660 2695 2702
>  2730 2737 2744 2758 2793 2800 2814 2828 2835 2842 2849 2856 2863 2884 2885 289
> 1 2898 2912 2940 2961 3087 3094 3122 3129 3150 3171 3206 3213 3220 3269 3276 32
> 90 3297 3304 3311 3318 3325 3332 3339 3360 3367 3381 3409 3427 3428 3430 3434 3
> 437 3444 3479 3484 3500 3510 3514 3528 3542 3549 3612 3619 3633 3640 3647 3654 
> 3661 3668 3675 3682 3689 3696 3787 3794 3822 3850 3857 3862 3871 3892 3899 3906
>  3920 3925 3934 3941 3948 3955 3962 3969 3976 3983 3990 4011 4018 4025 4060 406
> 7 4074 4088 4095 4137 4144 4151 4165 4179 4186 4207 4221 4228 4235 4263 4270 43
> 05 4312 4330 4347 4368 4375 4389 4459 4473 4501 4508 4515 4522 4529 4536 4543 4
> 557 4571 4578 4606 4613 4620 4627 4634 4641 4686 4690 4753 4760 4781 4795 4802 
> 4851 4865 4872 4893 4904 4956 4963 4970 5019 5026 5054 5068 5100 5124 5130 5138
>  5258 5264 5271 5278 5306 5348 5355 5362 5369 5376 5390 5397 5432 5439 5457 546
> 0 5467 5474 5523 5586 5593 5607 5614 5621 5628 5642 5656 5663 5670 5726 5733 57
> 40 5747 5754 5757 5780 5810 5817 5824 5852 5859 5866 5901 5960 5985 5992 6013 6
> 022 6027 6069 6083 6104 6113 6118 6125 6174 6181 6195 6216 6223 6230 6237 6244 
> 6251 6293 6300 6307 6321 6328 6335 6354 6370 6384 6412 6419 6426 6440 6461 6470
>  6475 6482 6545)

Data                               Wide   ->   Long
-----------------------------------------------------------------------------
Number of observations                1   ->   411         
Number of variables                 823   ->   4           
j variable (411 values)                   ->   district
xij variables:
        budget7 budget14 ... budget6545   ->   budget
  capacity7 capacity14 ... capacity6545   ->   capacity
-----------------------------------------------------------------------------

. su budget

    Variable |        Obs        Mean    Std. dev.       Min        Max
-------------+---------------------------------------------------------
      budget |        411    751.2234    59.78281   624.7343   977.4487

. gen budget_pc = budget/cap

. su budget_pc

    Variable |        Obs        Mean    Std. dev.       Min        Max
-------------+---------------------------------------------------------
   budget_pc |        411    46.77882    3.633778   39.04589   61.09054

. su capacity

    Variable |        Obs        Mean    Std. dev.       Min        Max
-------------+---------------------------------------------------------
    capacity |        411    16.05839    .2347731         16         17

. sort di

. merge 1:1 di using temp.dta

    Result                      Number of obs
    -----------------------------------------
    Not matched                             0
    Matched                               411  (_merge==3)
    -----------------------------------------

. drop _m

. su budget_pc capacity

    Variable |        Obs        Mean    Std. dev.       Min        Max
-------------+---------------------------------------------------------
   budget_pc |        411    46.77882    3.633778   39.04589   61.09054
    capacity |        411    16.05839    .2347731         16         17

. qui sum d, det

. su budget_pc capacity if d <= `r(p25)'

    Variable |        Obs        Mean    Std. dev.       Min        Max
-------------+---------------------------------------------------------
   budget_pc |        400    46.66293     3.50574   39.04589   60.78638
    capacity |        400       16.06    .2377843         16         17

. qui sum d, det

. su budget_pc capacity if d > `r(p75)'

    Variable |        Obs        Mean    Std. dev.       Min        Max
-------------+---------------------------------------------------------
   budget_pc |         11    50.99273    5.561345   42.38937   61.09054
    capacity |         11          16           0         16         16

. log close
      name:  <unnamed>
       log:  deterministic synthetic exhibit log
  log type:  text
 closed on:  deterministic synthetic run
---------------------------------------------------------------------------------
