---------------------------------------------------------------------------------
      name:  <unnamed>
       log:  deterministic synthetic exhibit log
  log type:  text
 opened on:  deterministic synthetic run

. esttab r*, replace label noabb b(3) se(3) ///
>     star(* 0.1 ** 0.05 *** 0.01) stat(N r2)

--------------------------------------------------------------------
                              (1)             (2)             (3)   
                     (mean) S_alpha1    (mean) S_alpha1    (mean) S_alpha1   
--------------------------------------------------------------------
Capacity                    0.000           0.000           0.000   
                              (.)             (.)             (.)   

Budget pp                  -1.441          -2.186          -1.793   
                          (1.968)         (1.922)         (1.940)   

$ \lambda $              2778.647        3143.792        3694.130*  
                       (2168.133)      (2216.559)      (2171.469)   

TC                      2.366e+08**     2.532e+08**     2.956e+08** 
                      (1.188e+08)     (1.251e+08)     (1.234e+08)   

TC, tenured            -2.403e+08**    -2.568e+08**    -2.980e+08** 
                      (1.147e+08)     (1.212e+08)     (1.194e+08)   

exp==     3.0000         -723.102        -642.274        -579.747   
                        (521.315)       (516.677)       (543.685)   

exp==     4.0000          -96.121         -69.956         -75.503   
                        (116.317)       (111.283)       (119.323)   

exp==     5.0000         -127.008         -99.289         -76.453   
                        (102.243)       (101.223)       (106.197)   

exp==     6.0000         -134.602        -108.027         -81.605   
                        (142.690)       (138.377)       (145.593)   

masterup                  184.591         134.128         126.391   
                        (135.094)       (130.760)       (137.383)   

TC, other teachers in CZ 39496399.374    45162758.535    53867663.151*  
                     (32133751.581)    (32888494.551)    (32224120.615)   

(mean) tenured         -51115.329      -58905.704      -68809.580*  
                      (39876.891)     (40990.656)     (40243.321)   

Urban                     -27.717         -11.697         -13.164   
                         (17.405)        (18.310)        (23.154)   

Suburban                  -19.300         -18.969         -31.921   
                         (17.961)        (19.473)        (20.990)   

milwaukee                  10.818         -32.008         -46.041   
                         (33.799)        (48.623)        (56.435)   

Share democr              170.588***      194.104***      169.524***
                         (61.279)        (55.880)        (54.436)   

ln(median income)                         151.159***      135.392** 
                                         (54.896)        (57.953)   

Share w/ income > $200K                       -2.246          -4.731***
                                          (1.642)         (1.551)   

Share in poverty                            6.354**         6.928***
                                          (2.539)         (2.155)   

Share pop below 15yo                                       -0.838   
                                                          (2.827)   

Share pop 64+yo                                             1.109   
                                                          (2.598)   

Share pop w/ college+                                        1.762** 
                                                          (0.874)   

Constant                50197.059       56180.472       66030.627*  
                      (39127.616)     (40290.915)     (39583.601)   
--------------------------------------------------------------------
N                         111.000         111.000         111.000   
r2                          0.240           0.310           0.361   
--------------------------------------------------------------------
Standard errors in parentheses
* p<0.1, ** p<0.05, *** p<0.01

. log close       
      name:  <unnamed>
       log:  deterministic synthetic exhibit log
  log type:  text
 closed on:  deterministic synthetic run
---------------------------------------------------------------------------------
