 process            5 of            8 is alive, mpi_id:           4
 process            7 of            8 is alive, mpi_id:           6
 process            4 of            8 is alive, mpi_id:           3
 process            8 of            8 is alive, mpi_id:           7
 process            2 of            8 is alive, mpi_id:           1
 process            1 of            8 is alive, mpi_id:           0
 process            3 of            8 is alive, mpi_id:           2
 process            6 of            8 is alive, mpi_id:           5
 (re)allocating nteach vars, nteach=        6600
 Num of Entrants in pool:       13200
  Baseline prob check:   1209.4687187965642     
 slave before generate exp variables
 slave before generate wagesched variables
 slave before generate inc variables
 finished setting entrants
 finished setting czten and tenure
 finished setting logdist
 slave made it to end of generate teacher data
 working on eqlbm for economy:            1  of            2  in period t=           1
           1
 wage iter
iterations         2 best value             95.8093713604416592 time      4.06800000
 itmax exceeded in amoeba
 belief iter
 belief thetas   0.50290176724058089        7017.1231186247533        6623.9171283689875     
 stopped because objective value below specified tolerance
   0.0000000000000000       0.42552360021842012     
           2
 wage iter
iterations         2 best value             95.8087853951144979 time      4.02700000
 itmax exceeded in amoeba
 belief iter
 belief thetas   0.50289893250166162        7017.1231186247533        6623.9191644646717     
 stopped because objective value below specified tolerance
   0.0000000000000000       0.31914270016381502     
           3
 wage iter
iterations         2 best value             95.8083459330243841 time      4.22400000
 itmax exceeded in amoeba
 belief iter
 belief thetas   0.50289680614203935        7017.1231186247533        6623.9206915952473     
 stopped because objective value below specified tolerance
   0.0000000000000000       0.23935702512286125     
 belief thetas   0.50289680614203935        7017.1231186247533        6623.9206915952473     
 working on eqlbm for economy:            2  of            2  in period t=           1
           1
 wage iter
iterations         2 best value             97.4579884560311029 time      4.21600000
 itmax exceeded in amoeba
 belief iter
 belief thetas   0.52198743427544680        7037.5561055706430        6626.3042932667695     
 stopped because objective value below specified tolerance
   0.0000000000000000       0.29418067709309881     
           2
 wage iter
iterations         2 best value             97.4575863662638824 time      4.16800000
 itmax exceeded in amoeba
 belief iter
 belief thetas   0.52198607967424637        7037.5561055706430        6626.3054351008723     
 stopped because objective value below specified tolerance
   0.0000000000000000       0.22063550781982411     
           3
 wage iter
iterations         2 best value             97.4572848040500190 time      4.14700000
 itmax exceeded in amoeba
 belief iter
 belief thetas   0.52198506364311370        7037.5561055706430        6626.3062914950215     
 stopped because objective value below specified tolerance
   0.0000000000000000       0.16547663086486802     
 belief thetas   0.52198506364311370        7037.5561055706430        6626.3062914950215     
 --------- Equilibrium Simulation Finished ----------           1
 sim match sum check in obj        6600           0           1
 inc sum check in obj         408           1         411
The subsidy multipliers are s=(7.00, .00), which is equivalent to: r=(.00, 7.00)
 moving population forward, period:           2 of,            2
 before calc wage change
 lets check here if the wage change makes sense in terms of magnitude
 wage change 1 teacher   0.0000000000000000      avg % wage change   2.7739535669941292E-005 avg wage change   6.9015969851857011E-004 wage elas:  0.50000000000000000     
 lets check here if the entrant wage change makes sense in terms of magnitude
 wage change 1 entrant   0.0000000000000000      avg % wage change entrant   2.7739535669941292E-005 avg wage change entrant   6.9015969851857011E-004 wage elas:  0.50000000000000000     
 before calc wage change
 In expectation, we will get entrants =        1028  and exits =         434
 (re)allocating nteach vars, nteach=        7194
           1 nteach:        7194 nExit         434 nEntry        1028
 working on eqlbm for economy:            1  of            2  in period t=           2
 sharing data for forward iter
 share C1
 share C2
 share exp
 share master
 slave before generate exp variables
 slave before generate wagesched variables
 slave before generate inc variables
 finished setting entrants
 finished setting czten and tenure
 finished setting logdist
 slave made it to end of generate teacher data
 finished sharing and generating inc
 sharing udist for forward iter
           1
 wage iter
iterations         2 best value             96.5613388323093886 time      6.11300000
 itmax exceeded in amoeba
 belief iter
 belief thetas   0.62255377335897966        7661.9950620729051        6061.5885193207532     
 stopped because objective value below specified tolerance
   0.0000000000000000       0.43038291270244622     
           2
 wage iter
iterations         2 best value             96.5610333133567167 time      6.04200000
 itmax exceeded in amoeba
 belief iter
 belief thetas   0.62255405885323167        7661.9950620729051        6061.6102331276752     
 stopped because objective value below specified tolerance
   0.0000000000000000        5.3093030616511356     
           3
 wage iter
iterations         2 best value             96.5606515725484797 time      5.94400000
 itmax exceeded in amoeba
 belief iter
 belief thetas   0.62255441611128282        7661.9950620729051        6061.6373609550219     
 stopped because objective value below specified tolerance
   0.0000000000000000        6.6366288270639187     
 belief thetas   0.62255441611128282        7661.9950620729051        6061.6373609550219     
 working on eqlbm for economy:            2  of            2  in period t=           2
 sharing data for forward iter
 share C1
 share C2
 share exp
 share master
 slave before generate exp variables
 slave before generate wagesched variables
 slave before generate inc variables
 finished setting entrants
 finished setting czten and tenure
 finished setting logdist
 slave made it to end of generate teacher data
 finished sharing and generating inc
 sharing udist for forward iter
           1
 wage iter
iterations         2 best value             97.6842814114107227 time      5.70500000
 itmax exceeded in amoeba
 belief iter
 belief thetas   0.42554748156099442        7699.2936673062577        7313.3306049435914     
 stopped because objective value below specified tolerance
   0.0000000000000000        4.4921993360732078     
           2
 wage iter
iterations         2 best value             97.6839590073160196 time      5.81200000
 itmax exceeded in amoeba
 belief iter
 belief thetas   0.42554943897836461        7699.2936673062577        7313.3569547007164     
 stopped because objective value below specified tolerance
   0.0000000000000000        5.6152491700915110     
           3
 wage iter
iterations         2 best value             97.6835561608601779 time      5.78900000
 itmax exceeded in amoeba
 belief iter
 belief thetas   0.42555188515433173        7699.2936673062577        7313.3898717803468     
 stopped because objective value below specified tolerance
   0.0000000000000000        7.0190614626143883     
 belief thetas   0.42555188515433173        7699.2936673062577        7313.3898717803468     
 --------- Equilibrium Simulation Finished ----------           2
 sim match sum check in obj        7194           0           1
 inc sum check in obj         410           1         411
 --------------
 END OF PROGRAM
